Copyright 1986-2019 Xilinx, Inc. All Rights Reserved.
---------------------------------------------------------------------------------------------------------------------------------------------------
| Tool Version : Vivado v.2019.1 (lin64) Build 2552052 Fri May 24 14:47:09 MDT 2019
| Date         : Sun Aug 16 21:11:07 2020
| Host         : ict-RH2288H-V3 running 64-bit Ubuntu 16.04.3 LTS
| Command      : report_drc -ruledeck bitstream_checks -name top -file ./Implement/Config_alu_share_implement/reports/top_drc_bitstream_checks.rpt
| Design       : top
| Device       : xczu19eg-ffvc1760-2-i
| Speed File   : -2
| Design State : Fully Routed
---------------------------------------------------------------------------------------------------------------------------------------------------

Report DRC

Table of Contents
-----------------
1. REPORT SUMMARY
2. REPORT DETAILS

1. REPORT SUMMARY
-----------------
            Netlist: netlist
          Floorplan: design_1
      Design limits: <entire design considered>
           Ruledeck: bitstream_checks
             Max violations: <unlimited>
             Violations found: 4
+--------+----------+---------------------------+------------+
| Rule   | Severity | Description               | Violations |
+--------+----------+---------------------------+------------+
| FLBA-1 | Warning  | Area group tile alignment | 4          |
+--------+----------+---------------------------+------------+

2. REPORT DETAILS
-----------------
FLBA-1#1 Warning
Area group tile alignment  - PBlock:pblock_inst_user3
pblock_inst_user3 area group IOB_X1Y520:IOB_X1Y531 doesn't align with tile
Related violations: <none>

FLBA-1#2 Warning
Area group tile alignment  - PBlock:pblock_inst_user3
pblock_inst_user3 area group IOB_X1Y546:IOB_X1Y557 doesn't align with tile
Related violations: <none>

FLBA-1#3 Warning
Area group tile alignment  - PBlock:pblock_inst_user4
pblock_inst_user4 area group IOB_X1Y468:IOB_X1Y479 doesn't align with tile
Related violations: <none>

FLBA-1#4 Warning
Area group tile alignment  - PBlock:pblock_inst_user4
pblock_inst_user4 area group IOB_X1Y494:IOB_X1Y505 doesn't align with tile
Related violations: <none>


